Run date: 2026-09-05 12:37:13 

R version 4.5.1 (2025-06-13)
Platform: aarch64-apple-darwin20
Running under: macOS Tahoe 26.6.2

Matrix products: default
BLAS:   /System/Library/Frameworks/Accelerate.framework/Versions/A/Frameworks/vecLib.framework/Versions/A/libBLAS.dylib 
LAPACK: /Library/Frameworks/R.framework/Versions/4.5-arm64/Resources/lib/libRlapack.dylib;  LAPACK version 3.12.1

locale:
[1] C/UTF-8/en_US.UTF-8/C/en_US.UTF-8/en_US.UTF-8

time zone: Europe/Paris
tzcode source: internal

attached base packages:
[1] stats     graphics  grDevices utils     datasets  methods   base     

other attached packages:
[1] RhpcBLASctl_0.23-42 doBy_4.6.27         lfe_3.1.1           Matrix_1.7-3        haven_2.5.5        

loaded via a namespace (and not attached):
 [1] gtable_0.3.6         dplyr_1.1.4          compiler_4.5.1       renv_1.1.7           tidyselect_1.2.1    
 [6] tidyr_1.3.1          scales_1.4.0         boot_1.3-31          lattice_0.22-7       ggplot2_4.0.1       
[11] R6_2.6.1             microbenchmark_1.5.0 generics_0.1.4       Formula_1.2-5        modelr_0.1.11       
[16] backports_1.5.0      MASS_7.3-65          forcats_1.0.0        tibble_3.3.0         Deriv_4.1.6         
[21] pillar_1.10.2        RColorBrewer_1.1-3   rlang_1.2.0          broom_1.0.8          S7_0.2.0            
[26] cli_3.6.5            magrittr_2.0.5       grid_4.5.1           xtable_1.8-8         hms_1.1.3           
[31] cowplot_1.2.0        sandwich_3.1-1       lifecycle_1.0.4      vctrs_0.6.5          glue_1.8.0          
[36] farver_2.1.2         zoo_1.8-14           purrr_1.0.4          tools_4.5.1          pkgconfig_2.0.3     

lfe version: 3.1.1 
BLAS threads: 1 
